09-May-2026 22:13:41.194 INFO [main] org.apache.catalina.startup.VersionLoggerListener.log Server version name:   Apache Tomcat/11.0.21
09-May-2026 22:13:41.204 INFO [main] org.apache.catalina.startup.VersionLoggerListener.log Server built:          Mar 30 2026 14:59:44 UTC
09-May-2026 22:13:41.204 INFO [main] org.apache.catalina.startup.VersionLoggerListener.log Server version number: 11.0.21.0
09-May-2026 22:13:41.205 INFO [main] org.apache.catalina.startup.VersionLoggerListener.log OS Name:               Windows 10
09-May-2026 22:13:41.205 INFO [main] org.apache.catalina.startup.VersionLoggerListener.log OS Version:            10.0
09-May-2026 22:13:41.206 INFO [main] org.apache.catalina.startup.VersionLoggerListener.log Architecture:          amd64
09-May-2026 22:13:41.207 INFO [main] org.apache.catalina.startup.VersionLoggerListener.log Java Home:             C:\Program Files\Java\jdk-17.0.8
09-May-2026 22:13:41.208 INFO [main] org.apache.catalina.startup.VersionLoggerListener.log JVM Version:           17.0.8+9-LTS-211
09-May-2026 22:13:41.208 INFO [main] org.apache.catalina.startup.VersionLoggerListener.log JVM Vendor:            Oracle Corporation
09-May-2026 22:13:41.208 INFO [main] org.apache.catalina.startup.VersionLoggerListener.log CATALINA_BASE:         C:\e-commerce\.devtomcat\DevTomcat_e-commerce_Maven_Web_11d08765
09-May-2026 22:13:41.210 INFO [main] org.apache.catalina.startup.VersionLoggerListener.log CATALINA_HOME:         E:\apache-tomcat-11.0.21
09-May-2026 22:13:41.226 INFO [main] org.apache.catalina.startup.VersionLoggerListener.log Command line argument: --add-opens=java.base/java.lang=ALL-UNNAMED
09-May-2026 22:13:41.226 INFO [main] org.apache.catalina.startup.VersionLoggerListener.log Command line argument: --add-opens=java.base/java.io=ALL-UNNAMED
09-May-2026 22:13:41.226 INFO [main] org.apache.catalina.startup.VersionLoggerListener.log Command line argument: --add-opens=java.base/java.util=ALL-UNNAMED
09-May-2026 22:13:41.226 INFO [main] org.apache.catalina.startup.VersionLoggerListener.log Command line argument: --add-opens=java.base/java.util.concurrent=ALL-UNNAMED
09-May-2026 22:13:41.226 INFO [main] org.apache.catalina.startup.VersionLoggerListener.log Command line argument: --add-opens=java.rmi/sun.rmi.transport=ALL-UNNAMED
09-May-2026 22:13:41.227 INFO [main] org.apache.catalina.startup.VersionLoggerListener.log Command line argument: -Dcatalina.home=E:\apache-tomcat-11.0.21
09-May-2026 22:13:41.227 INFO [main] org.apache.catalina.startup.VersionLoggerListener.log Command line argument: -Dcatalina.base=C:\e-commerce\.devtomcat\DevTomcat_e-commerce_Maven_Web_11d08765
09-May-2026 22:13:41.227 INFO [main] org.apache.catalina.startup.VersionLoggerListener.log Command line argument: -Djava.io.tmpdir=C:\e-commerce\.devtomcat\DevTomcat_e-commerce_Maven_Web_11d08765\temp
09-May-2026 22:13:41.227 INFO [main] org.apache.catalina.startup.VersionLoggerListener.log Command line argument: -Djava.util.logging.config.file=C:\e-commerce\.devtomcat\DevTomcat_e-commerce_Maven_Web_11d08765\conf\logging.properties
09-May-2026 22:13:41.228 INFO [main] org.apache.catalina.startup.VersionLoggerListener.log Command line argument: -Djava.util.logging.manager=org.apache.juli.ClassLoaderLogManager
09-May-2026 22:13:41.228 INFO [main] org.apache.catalina.startup.VersionLoggerListener.log Command line argument: -Dserver.port=8080
09-May-2026 22:13:41.228 INFO [main] org.apache.catalina.startup.VersionLoggerListener.log Command line argument: -Dserver.shutdown.port=8005
09-May-2026 22:13:41.228 INFO [main] org.apache.catalina.startup.VersionLoggerListener.log Command line argument: -javaagent:C:\Program Files\JetBrains\IntelliJ IDEA 2025.3.1.1\lib\idea_rt.jar=50395
09-May-2026 22:13:41.228 INFO [main] org.apache.catalina.startup.VersionLoggerListener.log Command line argument: -Dfile.encoding=UTF-8
09-May-2026 22:13:41.231 INFO [main] org.apache.catalina.core.AprLifecycleListener.lifecycleEvent Loaded Apache Tomcat Native library [2.0.14] using APR version [1.7.6].
09-May-2026 22:13:41.239 INFO [main] org.apache.catalina.core.AprLifecycleListener.initializeSSL OpenSSL successfully initialized [OpenSSL 3.5.5 27 Jan 2026]
09-May-2026 22:13:41.533 INFO [main] org.apache.coyote.AbstractProtocol.init Initializing ProtocolHandler ["http-nio-8080"]
09-May-2026 22:13:41.567 INFO [main] org.apache.catalina.startup.Catalina.load Server initialization in [606] milliseconds
09-May-2026 22:13:41.629 INFO [main] org.apache.catalina.core.StandardService.startInternal Starting service [Catalina]
09-May-2026 22:13:41.629 INFO [main] org.apache.catalina.core.StandardEngine.startInternal Starting Servlet engine: [Apache Tomcat/11.0.21]
09-May-2026 22:13:41.650 INFO [main] org.apache.coyote.AbstractProtocol.start Starting ProtocolHandler ["http-nio-8080"]
09-May-2026 22:13:41.802 INFO [main] org.apache.catalina.startup.Catalina.start Server startup in [234] milliseconds
09-May-2026 22:13:58.679 INFO [main] org.apache.catalina.core.StandardServer.await A valid shutdown command was received via the shutdown port. Stopping the Server instance.
09-May-2026 22:13:58.680 INFO [main] org.apache.coyote.AbstractProtocol.pause Pausing ProtocolHandler ["http-nio-8080"]
09-May-2026 22:13:58.757 INFO [main] org.apache.catalina.core.StandardService.stopInternal Stopping service [Catalina]
09-May-2026 22:13:58.759 INFO [main] org.apache.coyote.AbstractProtocol.stop Stopping ProtocolHandler ["http-nio-8080"]
09-May-2026 22:13:58.763 INFO [main] org.apache.coyote.AbstractProtocol.destroy Destroying ProtocolHandler ["http-nio-8080"]
09-May-2026 22:14:04.716 INFO [main] org.apache.catalina.startup.VersionLoggerListener.log Server version name:   Apache Tomcat/11.0.21
09-May-2026 22:14:04.723 INFO [main] org.apache.catalina.startup.VersionLoggerListener.log Server built:          Mar 30 2026 14:59:44 UTC
09-May-2026 22:14:04.724 INFO [main] org.apache.catalina.startup.VersionLoggerListener.log Server version number: 11.0.21.0
09-May-2026 22:14:04.724 INFO [main] org.apache.catalina.startup.VersionLoggerListener.log OS Name:               Windows 10
09-May-2026 22:14:04.724 INFO [main] org.apache.catalina.startup.VersionLoggerListener.log OS Version:            10.0
09-May-2026 22:14:04.724 INFO [main] org.apache.catalina.startup.VersionLoggerListener.log Architecture:          amd64
09-May-2026 22:14:04.725 INFO [main] org.apache.catalina.startup.VersionLoggerListener.log Java Home:             C:\Program Files\Java\jdk-17.0.8
09-May-2026 22:14:04.725 INFO [main] org.apache.catalina.startup.VersionLoggerListener.log JVM Version:           17.0.8+9-LTS-211
09-May-2026 22:14:04.725 INFO [main] org.apache.catalina.startup.VersionLoggerListener.log JVM Vendor:            Oracle Corporation
09-May-2026 22:14:04.725 INFO [main] org.apache.catalina.startup.VersionLoggerListener.log CATALINA_BASE:         C:\e-commerce\.devtomcat\DevTomcat_e-commerce_Maven_Web_11d08765
09-May-2026 22:14:04.725 INFO [main] org.apache.catalina.startup.VersionLoggerListener.log CATALINA_HOME:         E:\apache-tomcat-11.0.21
09-May-2026 22:14:04.752 INFO [main] org.apache.catalina.startup.VersionLoggerListener.log Command line argument: --add-opens=java.base/java.lang=ALL-UNNAMED
09-May-2026 22:14:04.752 INFO [main] org.apache.catalina.startup.VersionLoggerListener.log Command line argument: --add-opens=java.base/java.io=ALL-UNNAMED
09-May-2026 22:14:04.753 INFO [main] org.apache.catalina.startup.VersionLoggerListener.log Command line argument: --add-opens=java.base/java.util=ALL-UNNAMED
09-May-2026 22:14:04.753 INFO [main] org.apache.catalina.startup.VersionLoggerListener.log Command line argument: --add-opens=java.base/java.util.concurrent=ALL-UNNAMED
09-May-2026 22:14:04.753 INFO [main] org.apache.catalina.startup.VersionLoggerListener.log Command line argument: --add-opens=java.rmi/sun.rmi.transport=ALL-UNNAMED
09-May-2026 22:14:04.753 INFO [main] org.apache.catalina.startup.VersionLoggerListener.log Command line argument: -Dcatalina.home=E:\apache-tomcat-11.0.21
09-May-2026 22:14:04.753 INFO [main] org.apache.catalina.startup.VersionLoggerListener.log Command line argument: -Dcatalina.base=C:\e-commerce\.devtomcat\DevTomcat_e-commerce_Maven_Web_11d08765
09-May-2026 22:14:04.753 INFO [main] org.apache.catalina.startup.VersionLoggerListener.log Command line argument: -Djava.io.tmpdir=C:\e-commerce\.devtomcat\DevTomcat_e-commerce_Maven_Web_11d08765\temp
09-May-2026 22:14:04.753 INFO [main] org.apache.catalina.startup.VersionLoggerListener.log Command line argument: -Djava.util.logging.config.file=C:\e-commerce\.devtomcat\DevTomcat_e-commerce_Maven_Web_11d08765\conf\logging.properties
09-May-2026 22:14:04.754 INFO [main] org.apache.catalina.startup.VersionLoggerListener.log Command line argument: -Djava.util.logging.manager=org.apache.juli.ClassLoaderLogManager
09-May-2026 22:14:04.754 INFO [main] org.apache.catalina.startup.VersionLoggerListener.log Command line argument: -Dserver.port=8080
09-May-2026 22:14:04.754 INFO [main] org.apache.catalina.startup.VersionLoggerListener.log Command line argument: -Dserver.shutdown.port=8005
09-May-2026 22:14:04.755 INFO [main] org.apache.catalina.startup.VersionLoggerListener.log Command line argument: -javaagent:C:\Program Files\JetBrains\IntelliJ IDEA 2025.3.1.1\lib\idea_rt.jar=50413
09-May-2026 22:14:04.755 INFO [main] org.apache.catalina.startup.VersionLoggerListener.log Command line argument: -Dfile.encoding=UTF-8
09-May-2026 22:14:04.757 INFO [main] org.apache.catalina.core.AprLifecycleListener.lifecycleEvent Loaded Apache Tomcat Native library [2.0.14] using APR version [1.7.6].
09-May-2026 22:14:04.814 INFO [main] org.apache.catalina.core.AprLifecycleListener.initializeSSL OpenSSL successfully initialized [OpenSSL 3.5.5 27 Jan 2026]
09-May-2026 22:14:05.291 INFO [main] org.apache.coyote.AbstractProtocol.init Initializing ProtocolHandler ["http-nio-8080"]
09-May-2026 22:14:05.335 INFO [main] org.apache.catalina.startup.Catalina.load Server initialization in [918] milliseconds
09-May-2026 22:14:05.408 INFO [main] org.apache.catalina.core.StandardService.startInternal Starting service [Catalina]
09-May-2026 22:14:05.408 INFO [main] org.apache.catalina.core.StandardEngine.startInternal Starting Servlet engine: [Apache Tomcat/11.0.21]
09-May-2026 22:14:05.430 INFO [main] org.apache.coyote.AbstractProtocol.start Starting ProtocolHandler ["http-nio-8080"]
09-May-2026 22:14:05.633 INFO [main] org.apache.catalina.startup.Catalina.start Server startup in [298] milliseconds
09-May-2026 22:30:50.544 INFO [main] org.apache.catalina.core.StandardServer.await A valid shutdown command was received via the shutdown port. Stopping the Server instance.
09-May-2026 22:30:50.545 INFO [main] org.apache.coyote.AbstractProtocol.pause Pausing ProtocolHandler ["http-nio-8080"]
09-May-2026 22:30:50.631 INFO [main] org.apache.catalina.core.StandardService.stopInternal Stopping service [Catalina]
09-May-2026 22:30:50.635 INFO [main] org.apache.coyote.AbstractProtocol.stop Stopping ProtocolHandler ["http-nio-8080"]
09-May-2026 22:30:50.644 INFO [main] org.apache.coyote.AbstractProtocol.destroy Destroying ProtocolHandler ["http-nio-8080"]
